// Jest Snapshot v1, https://goo.gl/fbAQLP

exports[`<App /> should render correctly 1`] = `
ShallowWrapper {
  "complexSelector": ComplexSelector {
    "buildPredicate": [Function],
    "childrenOfNode": [Function],
    "findWhereUnwrapped": [Function],
  },
  "length": 1,
  "node": <div
    className="concert-mate-app"
>
    <div
        className="container"
    >
        <Row
            bsClass="row"
            componentClass="div"
        >
            <Col
                bsClass="col"
                componentClass="div"
                md={6}
            >
                <NavbarHeader
                    style={
                        Object {
                            "color": "#CD3F2A",
                            "fontFamily": "futura",
                            "fontSize": 70,
                          }
                    }
                >
                    <NavbarBrand>
                        <a
                            href="/"
                        >
                            ConcertMate
                        </a>
                        <small>
                            discover upcoming concerts around you
                        </small>
                    </NavbarBrand>
                </NavbarHeader>
            </Col>
            <Col
                bsClass="col"
                componentClass="div"
                md={6}
            >
                <Connect(Filters)
                    requestEvents={[Function]}
                />
            </Col>
        </Row>
    </div>
    <Row
        bsClass="row"
        className="map-container"
        componentClass="div"
    >
        <Connect(Map) />
    </Row>
    <div
        className="playlist-container"
    >
        <Connect(Playlist) />
        <ScrollWrapper
            className="react-scrollbar-default"
            speed={53}
            style={
                Object {
                    "height": "290",
                    "width": "100%",
                  }
            }
        >
            <Connect(Concerts)
                events={undefined}
                handleArtistClick={[Function]}
            />
        </ScrollWrapper>
    </div>
</div>,
  "nodes": Array [
    <div
      className="concert-mate-app"
>
      <div
            className="container"
      >
            <Row
                  bsClass="row"
                  componentClass="div"
            >
                  <Col
                        bsClass="col"
                        componentClass="div"
                        md={6}
                  >
                        <NavbarHeader
                              style={
                                    Object {
                                          "color": "#CD3F2A",
                                          "fontFamily": "futura",
                                          "fontSize": 70,
                                        }
                              }
                        >
                              <NavbarBrand>
                                    <a
                                          href="/"
                                    >
                                          ConcertMate
                                    </a>
                                    <small>
                                          discover upcoming concerts around you
                                    </small>
                              </NavbarBrand>
                        </NavbarHeader>
                  </Col>
                  <Col
                        bsClass="col"
                        componentClass="div"
                        md={6}
                  >
                        <Connect(Filters)
                              requestEvents={[Function]}
                        />
                  </Col>
            </Row>
      </div>
      <Row
            bsClass="row"
            className="map-container"
            componentClass="div"
      >
            <Connect(Map) />
      </Row>
      <div
            className="playlist-container"
      >
            <Connect(Playlist) />
            <ScrollWrapper
                  className="react-scrollbar-default"
                  speed={53}
                  style={
                        Object {
                              "height": "290",
                              "width": "100%",
                            }
                  }
            >
                  <Connect(Concerts)
                        events={undefined}
                        handleArtistClick={[Function]}
                  />
            </ScrollWrapper>
      </div>
</div>,
  ],
  "options": Object {},
  "renderer": ReactShallowRenderer {
    "_instance": ShallowComponentWrapper {
      "_calledComponentWillUnmount": false,
      "_compositeType": 0,
      "_context": Object {},
      "_currentElement": <App />,
      "_debugID": 1,
      "_hostContainerInfo": null,
      "_hostParent": null,
      "_instance": App {
        "_reactInternalInstance": [Circular],
        "context": Object {},
        "handleArtistClick": [Function],
        "props": Object {},
        "refs": Object {},
        "requestSongkickEvents": [Function],
        "state": null,
        "updater": Object {
          "enqueueCallback": [Function],
          "enqueueCallbackInternal": [Function],
          "enqueueElementInternal": [Function],
          "enqueueForceUpdate": [Function],
          "enqueueReplaceState": [Function],
          "enqueueSetState": [Function],
          "isMounted": [Function],
          "validateCallback": [Function],
        },
      },
      "_mountOrder": 1,
      "_pendingCallbacks": null,
      "_pendingElement": null,
      "_pendingForceUpdate": false,
      "_pendingReplaceState": false,
      "_pendingStateQueue": null,
      "_renderedComponent": NoopInternalComponent {
        "_currentElement": <div
          className="concert-mate-app"
>
          <div
                    className="container"
          >
                    <Row
                              bsClass="row"
                              componentClass="div"
                    >
                              <Col
                                        bsClass="col"
                                        componentClass="div"
                                        md={6}
                              >
                                        <NavbarHeader
                                                  style={
                                                            Object {
                                                                      "color": "#CD3F2A",
                                                                      "fontFamily": "futura",
                                                                      "fontSize": 70,
                                                                    }
                                                  }
                                        >
                                                  <NavbarBrand>
                                                            <a
                                                                      href="/"
                                                            >
                                                                      ConcertMate
                                                            </a>
                                                            <small>
                                                                      discover upcoming concerts around you
                                                            </small>
                                                  </NavbarBrand>
                                        </NavbarHeader>
                              </Col>
                              <Col
                                        bsClass="col"
                                        componentClass="div"
                                        md={6}
                              >
                                        <Connect(Filters)
                                                  requestEvents={[Function]}
                                        />
                              </Col>
                    </Row>
          </div>
          <Row
                    bsClass="row"
                    className="map-container"
                    componentClass="div"
          >
                    <Connect(Map) />
          </Row>
          <div
                    className="playlist-container"
          >
                    <Connect(Playlist) />
                    <ScrollWrapper
                              className="react-scrollbar-default"
                              speed={53}
                              style={
                                        Object {
                                                  "height": "290",
                                                  "width": "100%",
                                                }
                              }
                    >
                              <Connect(Concerts)
                                        events={undefined}
                                        handleArtistClick={[Function]}
                              />
                    </ScrollWrapper>
          </div>
</div>,
        "_debugID": 2,
        "_renderedOutput": <div
          className="concert-mate-app"
>
          <div
                    className="container"
          >
                    <Row
                              bsClass="row"
                              componentClass="div"
                    >
                              <Col
                                        bsClass="col"
                                        componentClass="div"
                                        md={6}
                              >
                                        <NavbarHeader
                                                  style={
                                                            Object {
                                                                      "color": "#CD3F2A",
                                                                      "fontFamily": "futura",
                                                                      "fontSize": 70,
                                                                    }
                                                  }
                                        >
                                                  <NavbarBrand>
                                                            <a
                                                                      href="/"
                                                            >
                                                                      ConcertMate
                                                            </a>
                                                            <small>
                                                                      discover upcoming concerts around you
                                                            </small>
                                                  </NavbarBrand>
                                        </NavbarHeader>
                              </Col>
                              <Col
                                        bsClass="col"
                                        componentClass="div"
                                        md={6}
                              >
                                        <Connect(Filters)
                                                  requestEvents={[Function]}
                                        />
                              </Col>
                    </Row>
          </div>
          <Row
                    bsClass="row"
                    className="map-container"
                    componentClass="div"
          >
                    <Connect(Map) />
          </Row>
          <div
                    className="playlist-container"
          >
                    <Connect(Playlist) />
                    <ScrollWrapper
                              className="react-scrollbar-default"
                              speed={53}
                              style={
                                        Object {
                                                  "height": "290",
                                                  "width": "100%",
                                                }
                              }
                    >
                              <Connect(Concerts)
                                        events={undefined}
                                        handleArtistClick={[Function]}
                              />
                    </ScrollWrapper>
          </div>
</div>,
      },
      "_renderedNodeType": 0,
      "_rootNodeID": 0,
      "_topLevelWrapper": null,
      "_updateBatchNumber": null,
      "_warnedAboutRefsInRender": false,
    },
    "getRenderOutput": [Function],
    "render": [Function],
  },
  "root": [Circular],
  "unrendered": <App />,
}
`;
